numberline.sh: line 84: read: error setting terminal attributes: Interrupted system call
numberline.sh: line 84: read: error setting terminal attributes: Interrupted system call
numberline.sh: line 84: read: error setting terminal attributes: Interrupted system call
numberline.sh: line 84: read: error setting terminal attributes: Interrupted system call
numberline.sh: line 84: read: error setting terminal attributes: Interrupted system call
numberline.sh: line 84: read: error setting terminal attributes: Interrupted system call
numberline.sh: line 84: read: error setting terminal attributes: Interrupted system call
numberline.sh: line 84: read: error setting terminal attributes: Interrupted system call
numberline.sh: line 84: read: error setting terminal attributes: Interrupted system call
numberline.sh: line 84: read: error setting terminal attributes: Interrupted system call
numberline.sh: line 84: read: error setting terminal attributes: Interrupted system call
numberline.sh: line 84: read: error setting terminal attributes: Interrupted system call
numberline.sh: line 84: read: error setting terminal attributes: Interrupted system call
numberline.sh: line 84: read: error setting terminal attributes: Interrupted system call
numberline.sh: line 84: read: error setting terminal attributes: Interrupted system call
numberline.sh: line 84: read: error setting terminal attributes: Interrupted system call
numberline.sh: line 84: read: error setting terminal attributes: Interrupted system call
numberline.sh: line 84: read: error setting terminal attributes: Interrupted system call
numberline.sh: line 84: read: error setting terminal attributes: Interrupted system call
numberline.sh: line 84: read: error setting terminal attributes: Interrupted system call
numberline.sh: line 84: read: error setting terminal attributes: Interrupted system call
numberline.sh: line 84: read: error setting terminal attributes: Interrupted system call
numberline.sh: line 84: read: error setting terminal attributes: Interrupted system call
